1001 捕风的异乡人: 198 lines -> archives\src_1001_捕风的异乡人.txt
1002 为了没有眼泪的明天: 472 lines -> archives\src_1002_为了没有眼泪的明天.txt
1003 巨龙与自由之歌: 289 lines -> archives\src_1003_巨龙与自由之歌.txt
1004 悖理: 1019 lines -> archives\src_1004_悖理.txt
1101 浮世浮生千岩间: 394 lines -> archives\src_1101_浮世浮生千岩间.txt
1102 辞行久远之躯: 753 lines -> archives\src_1102_辞行久远之躯.txt
1103 迫近的客星: 683 lines -> archives\src_1103_迫近的客星.txt
1104 我们终将重逢: 426 lines -> archives\src_1104_我们终将重逢.txt
1201 振袖秋风问红叶: 668 lines -> archives\src_1201_振袖秋风问红叶.txt
1202 不动鸣神，恒常乐土: 1372 lines -> archives\src_1202_不动鸣神，恒常乐土.txt
1203 无念无想，泡影断灭: 261 lines -> archives\src_1203_无念无想，泡影断灭.txt
1204 千手百眼，天下人间: 1862 lines -> archives\src_1204_千手百眼，天下人间.txt
1205 风起鹤归: 609 lines -> archives\src_1205_风起鹤归.txt
1206 回响渊底的安魂曲: 309 lines -> archives\src_1206_回响渊底的安魂曲.txt
1207 危途疑踪: 1033 lines -> archives\src_1207_危途疑踪.txt
1301 穿越烟帷与暗林: 1212 lines -> archives\src_1301_穿越烟帷与暗林.txt
1302 千朵玫瑰带来的黎明: 1111 lines -> archives\src_1302_千朵玫瑰带来的黎明.txt
1303 迷梦与空幻与欺骗: 672 lines -> archives\src_1303_迷梦与空幻与欺骗.txt
1304 赤土之王与三朝圣者: 855 lines -> archives\src_1304_赤土之王与三朝圣者.txt
1305 虚空鼓动，劫火高扬: 1834 lines -> archives\src_1305_虚空鼓动，劫火高扬.txt
1307 倾落伽蓝: 919 lines -> archives\src_1307_倾落伽蓝.txt
1308 卡利贝尔: 565 lines -> archives\src_1308_卡利贝尔.txt
1401 白露与黑潮的序诗: 1394 lines -> archives\src_1401_白露与黑潮的序诗.txt
1402 仿若无因飘落的轻雨: 1026 lines -> archives\src_1402_仿若无因飘落的轻雨.txt
1403 向深水中的晨星: 894 lines -> archives\src_1403_向深水中的晨星.txt
1404 谕示胎动的终焉之刻: 1030 lines -> archives\src_1404_谕示胎动的终焉之刻.txt
1405 罪人舞步旋: 1617 lines -> archives\src_1405_罪人舞步旋.txt
1406 睡前故事: 453 lines -> archives\src_1406_睡前故事.txt
1500 荣花与炎日之途: 916 lines -> archives\src_1500_荣花与炎日之途.txt
1501 黑石湮落白石下: 1016 lines -> archives\src_1501_黑石湮落白石下.txt
1502 镜与谜烟的彼方: 940 lines -> archives\src_1502_镜与谜烟的彼方.txt
1503 命定将焚的虹光: 1065 lines -> archives\src_1503_命定将焚的虹光.txt
1504 炽烈的还魂诗: 1335 lines -> archives\src_1504_炽烈的还魂诗.txt
1505 万火归一: 395 lines -> archives\src_1505_万火归一.txt
1506 你存在的时空: 683 lines -> archives\src_1506_你存在的时空.txt
1600 雪浪与苍林之舞: 1563 lines -> archives\src_1600_雪浪与苍林之舞.txt
1601 尘与灯的挽歌: 1191 lines -> archives\src_1601_尘与灯的挽歌.txt
1602 归途: 871 lines -> archives\src_1602_归途.txt
1603 不存在的国土: 660 lines -> archives\src_1603_不存在的国土.txt
1604 回望湮灭的月光: 1322 lines -> archives\src_1604_回望湮灭的月光.txt
1605 终北的夜行诗: 1133 lines -> archives\src_1605_终北的夜行诗.txt
1606 散于晨雾的月芒: 1133 lines -> archives\src_1606_散于晨雾的月芒.txt
1607 如果在冬夜，一个旅人: 954 lines -> archives\src_1607_如果在冬夜，一个旅人.txt
1608 真实之月: 1079 lines -> archives\src_1608_真实之月.txt
1609 身土坏空，五蕴识转: 949 lines -> archives\src_1609_身土坏空，五蕴识转.txt
1611 道成千壑，因果异灭: 1350 lines -> archives\src_1611_道成千壑，因果异灭.txt
1700 无神怜爱的雪国: 1095 lines -> archives\src_1700_无神怜爱的雪国.txt
1701 死魂灵的夜曲: 1335 lines -> archives\src_1701_死魂灵的夜曲.txt
1702 白夜似梦初醒: 864 lines -> archives\src_1702_白夜似梦初醒.txt
1703 往冥府的安魂歌: 711 lines -> archives\src_1703_往冥府的安魂歌.txt
2001 海盗秘宝: 246 lines -> archives\src_2001_海盗秘宝.txt
2002 暗夜英雄的不在场证明: 365 lines -> archives\src_2002_暗夜英雄的不在场证明.txt
2003 风、勇气和翅膀: 179 lines -> archives\src_2003_风、勇气和翅膀.txt
2004 麻烦的工作: 236 lines -> archives\src_2004_麻烦的工作.txt
2005 卢皮卡的意义: 186 lines -> archives\src_2005_卢皮卡的意义.txt
2006 骑士团长的一日假期: 357 lines -> archives\src_2006_骑士团长的一日假期.txt
2007 蒙德食遇之旅: 290 lines -> archives\src_2007_蒙德食遇之旅.txt
2008 江湖不问出处: 350 lines -> archives\src_2008_江湖不问出处.txt
2009 真正的宝物: 248 lines -> archives\src_2009_真正的宝物.txt
2010 在此世的星空之外: 304 lines -> archives\src_2010_在此世的星空之外.txt
2011 槐柯胡蝶，傩佑之梦: 295 lines -> archives\src_2011_槐柯胡蝶，傩佑之梦.txt
2012 独眼小宝总动员: 472 lines -> archives\src_2012_独眼小宝总动员.txt
2013 若你困于无风之地: 294 lines -> archives\src_2013_若你困于无风之地.txt
2014 盐花: 287 lines -> archives\src_2014_盐花.txt
2016 云之海，人之海: 389 lines -> archives\src_2016_云之海，人之海.txt
2017 旅行者观察报告: 406 lines -> archives\src_2017_旅行者观察报告.txt
2018 奈何蝶飞去: 464 lines -> archives\src_2018_奈何蝶飞去.txt
2019 浪花不再归海: 460 lines -> archives\src_2019_浪花不再归海.txt
2020 匪石: 468 lines -> archives\src_2020_匪石.txt
2021 如梦如电的隽永: 542 lines -> archives\src_2021_如梦如电的隽永.txt
2022 鹤与白兔的诉说: 558 lines -> archives\src_2022_鹤与白兔的诉说.txt
2023 影照浮世风流: 491 lines -> archives\src_2023_影照浮世风流.txt
2024 兵戈梦去，春草如茵: 490 lines -> archives\src_2024_兵戈梦去，春草如茵.txt
2025 鸣神御祓祈愿祭: 573 lines -> archives\src_2025_鸣神御祓祈愿祭.txt
2026 赤金魂: 523 lines -> archives\src_2026_赤金魂.txt
2027 须臾百梦: 537 lines -> archives\src_2027_须臾百梦.txt
2028 梧桐一叶落: 626 lines -> archives\src_2028_梧桐一叶落.txt
2029 棋生断处: 670 lines -> archives\src_2029_棋生断处.txt
2030 没有答案的课题: 521 lines -> archives\src_2030_没有答案的课题.txt
2031 陌野不识故人: 534 lines -> archives\src_2031_陌野不识故人.txt
2032 沉沙归寂: 520 lines -> archives\src_2032_沉沙归寂.txt
2033 致智慧者: 812 lines -> archives\src_2033_致智慧者.txt
2034 余温: 798 lines -> archives\src_2034_余温.txt
2035 乌合的虚像: 560 lines -> archives\src_2035_乌合的虚像.txt
2036 「狮之血」: 594 lines -> archives\src_2036_「狮之血」.txt
2037 「医心」: 552 lines -> archives\src_2037_「医心」.txt
2038 拾星之旅: 581 lines -> archives\src_2038_拾星之旅.txt
2039 归乡: 619 lines -> archives\src_2039_归乡.txt
2040 被遗忘的怪盗: 599 lines -> archives\src_2040_被遗忘的怪盗.txt
2041 往日留痕: 667 lines -> archives\src_2041_往日留痕.txt
2042 于怨嗟之地重生: 711 lines -> archives\src_2042_于怨嗟之地重生.txt
2043 「水的女儿」: 600 lines -> archives\src_2043_「水的女儿」.txt
2044 共渡潮落: 520 lines -> archives\src_2044_共渡潮落.txt
2045 千里月明: 639 lines -> archives\src_2045_千里月明.txt
2046 当他们谈起今夜: 614 lines -> archives\src_2046_当他们谈起今夜.txt
2047 炉火熄灭之际: 791 lines -> archives\src_2047_炉火熄灭之际.txt
2048 谎言的温度: 804 lines -> archives\src_2048_谎言的温度.txt
2049 守诺者: 770 lines -> archives\src_2049_守诺者.txt
2050 夜色无声: 881 lines -> archives\src_2050_夜色无声.txt
2051 花债血偿: 764 lines -> archives\src_2051_花债血偿.txt
2052 维茨特兰的神秘访客: 93 lines -> archives\src_2052_维茨特兰的神秘访客.txt
2053 英雄的仪式: 99 lines -> archives\src_2053_英雄的仪式.txt
2054 基尼奇的交易: 483 lines -> archives\src_2054_基尼奇的交易.txt
2055 寻找神秘岛的人: 42 lines -> archives\src_2055_寻找神秘岛的人.txt
2056 神秘岛的传说: 150 lines -> archives\src_2056_神秘岛的传说.txt
2057 神秘岛之旅: 627 lines -> archives\src_2057_神秘岛之旅.txt
2058 嵴锋的异响: 60 lines -> archives\src_2058_嵴锋的异响.txt
2059 喑哑的回声: 93 lines -> archives\src_2059_喑哑的回声.txt
2060 抑扬的吟咏: 814 lines -> archives\src_2060_抑扬的吟咏.txt
2061 特拉洛坎的失翼者: 219 lines -> archives\src_2061_特拉洛坎的失翼者.txt
2062 试炼前夜: 69 lines -> archives\src_2062_试炼前夜.txt
2063 枪与翼: 500 lines -> archives\src_2063_枪与翼.txt
2064 来自烟谜主的使命: 120 lines -> archives\src_2064_来自烟谜主的使命.txt
2065 传说中的「色彩」: 84 lines -> archives\src_2065_传说中的「色彩」.txt
2066 七彩之战的真相: 738 lines -> archives\src_2066_七彩之战的真相.txt
2067 正如那烈日: 802 lines -> archives\src_2067_正如那烈日.txt
2068 名为故事的魔法: 1101 lines -> archives\src_2068_名为故事的魔法.txt
2069 食梦者的忧郁: 705 lines -> archives\src_2069_食梦者的忧郁.txt
2070 炽热的沃陆: 61 lines -> archives\src_2070_炽热的沃陆.txt
2071 果园小憩: 131 lines -> archives\src_2071_果园小憩.txt
2073 田地里的蕈息: 521 lines -> archives\src_2073_田地里的蕈息.txt
2074 珍上至珍: 787 lines -> archives\src_2074_珍上至珍.txt
2075 星与夜的低语: 793 lines -> archives\src_2075_星与夜的低语.txt
2087 致予远征之人: 657 lines -> archives\src_2087_致予远征之人.txt
2088 骑士之铭: 630 lines -> archives\src_2088_骑士之铭.txt
2089 飞向归羽声: 703 lines -> archives\src_2089_飞向归羽声.txt
10006 未知之星: 104 lines -> archives\src_10006_未知之星.txt
10007 蔓延的危机: 199 lines -> archives\src_10007_蔓延的危机.txt
10008 天之谜，水之解: 106 lines -> archives\src_10008_天之谜，水之解.txt
10009 古星命定之地: 117 lines -> archives\src_10009_古星命定之地.txt
10196 白马闲游记: 348 lines -> archives\src_10196_白马闲游记.txt
10245 出发！无忧无虑的度假之旅？: 231 lines -> archives\src_10245_出发！无忧无虑的度假之旅？.txt
10246 畅玩！举目之处皆为画布！: 601 lines -> archives\src_10246_畅玩！举目之处皆为画布！.txt
10247 惊遇！等待众人的将是…？: 258 lines -> archives\src_10247_惊遇！等待众人的将是…？.txt
10248 收幕！将夏夜染作缤纷！: 105 lines -> archives\src_10248_收幕！将夏夜染作缤纷！.txt
10268 在云间: 7 lines -> archives\src_10268_在云间.txt
10269 在岩间: 3 lines -> archives\src_10269_在岩间.txt
10271 若我们再次相见: 371 lines -> archives\src_10271_若我们再次相见.txt
10272 那些我们所失去的: 381 lines -> archives\src_10272_那些我们所失去的.txt
10273 那些我们所留驻的: 267 lines -> archives\src_10273_那些我们所留驻的.txt
